/home/os-fall-2023/Code/test
hehe
/home/os-fall-2023/Code/test/Tests
hello bro
testing 1 2 3
hello world hehe
