
We are DedSec!! 
ls
&&
*
;
Tests
command.txt
config.json
cp
find.log
ls
names.txt
test.py
test_dir
exit
Exiting the shell...
S
u
n
d
a
y
M
o
n
d
a
y
T
u
e
s
d
a
y
W
e
d
n
e
s
d
a
y
T
h
u
r
s
d
a
y
F
r
i
d
a
y
S
a
t
u
r
d
a
y
