config.json
      3 advanced
      3 easy
      3 medium
This should be printed
&&
*
;
Tests
config.json
cp
find.log
ls
names.txt
test.py
test_dir
doit
works
done
This should be printed
O
p
e
r
a
t
i
o
n
s
