/home/os-fall-2023/Code/test
/home/os-fall-2023/Code/test/Tests
/home/os-fall-2023/Code/test
/home/os-fall-2023/Code/test
/home/os-fall-2023/Code/test
/home/os-fall-2023/Code/test/Tests
/home/os-fall-2023/Code/test/Tests
/home/os-fall-2023/Code/test/Tests
cwd was aliased and unaliased
