&&
*
;
Dockerfile.log
Tests
config.json
cp
find.log
ls
ls.log
names.txt
test.py
test_dir
hello world
hello world 2
hello world
hello world 2
