SOAHIB KH
ABDULLAH SOMUURO
ABDUL RIFE
ABDULLAH RROLUSOAHIB KH$
ABDULLAH SOMUURO$
ABDUL RIFE$
ABDULLAH RROLUWelcome to (CS 370)
MY PASSWORD IS ()
./Tests
./Tests/test_output
