./Tests/builtins_one.hidden
./Tests/builtins_two.hidden
./Tests/chaining.hidden
./Tests/exec_only.hidden
./Tests/ioredir_one.hidden
./Tests/ioredir_two.hidden
./Tests/pipeline_ioredir.hidden
./Tests/pipeline_one.hidden
./Tests/pipeline_two.hidden
./Tests/wildcards_one.hidden
./Tests/wild_chaining.hidden
names.txt
config.json
find.log
find.log
test.py
find.log
find.log
