&&
*
;
Tests
config.json
cp
find.log
ls
names.txt
test.py
test_dir
&&
*
;
Tests
config.json
cp
find.log
ls
names.txt
test.py
test_dir
