config.json
find.log
names.txt
test.py

&&:

*:

;:

Tests:
aliases.test
aliases.test.custom
builtins.test
builtins_one.hidden
builtins_one.hidden.custom
builtins_two.hidden
builtins_two.hidden.custom
chaining.hidden
chaining.test
exec_only.hidden
ioredir.test
ioredir_one.hidden
ioredir_two.hidden
ioredir_two.hidden.custom
pipeline.test
pipeline_ioredir.hidden
pipeline_one.hidden
pipeline_two.hidden
quotes.test
quotes.test.custom
simple.test
test_output
wild_chaining.hidden
wild_chaining.test
wildcards.test
wildcards_one.hidden

cp:

ls:

test_dir:
../src/main.c
  819 ../src/main.c
   88 ../include/log.h
   27 ../include/utils.h
  934 total
Tests/aliases.test
Tests/builtins.test
Tests/chaining.test
Tests/ioredir.test
Tests/pipeline.test
Tests/quotes.test
Tests/simple.test
Tests/wild_chaining.test
Tests/wildcards.test
